// Jest Snapshot v1, https://goo.gl/fbAQLP

exports[`AddItemPage snapshot of AddItemPage 1`] = `
<div
  className="relative h-screen"
  style={
    {
      "opacity": 0,
    }
  }
>
  <div
    className="flex flex-col items-center pt-16 bg-white font-inter"
  >
    <div
      className="text-xl font-interextra leading-5 text-black mb-2"
    >
      PennMart
    </div>
    <div
      className="flex gap-10 justify-between pr-0 mt-2 text-lg font-inter leading-8 text-black"
    >
      <button
        onClick={[Function]}
        type="button"
      >
        Home
      </button>
      <button
        type="button"
      >
        About Us
      </button>
    </div>
    <div
      className="flex flex-col px-5 mt-14 w-full max-w-[1221px] max-md:mt-10 max-md:max-w-full"
    >
      <div
        className="text-5xl font-interextra tracking text-black max-md:max-w-full max-md:text-6xl mb-10"
      >
        Create a listing
      </div>
      <form
        className="space-y-6 ml-10"
        onSubmit={[Function]}
      >
        <div
          className="flex flex-wrap justify-start gap-4"
        >
          <div
            className="w-36 h-36 flex flex-col items-center justify-center bg-gray-300 text-gray-700 font-bold"
          >
            <label
              className="cursor-pointer text-4xl text-gray-500"
              htmlFor="photoInput"
            >
              +
              <input
                accept="image/*"
                className="hidden"
                id="photoInput"
                multiple={true}
                onChange={[Function]}
                type="file"
              />
            </label>
          </div>
        </div>
        <div
          className="text-l font-bold tracking text-black max-md:text-l"
        >
          Key Photo
        </div>
        <div
          className="flex gap-5 mb-5"
        >
          <div
            className="flex-1 flex flex-col"
          >
            <div
              className="w-full flex flex-col gap-5 mb-5"
            >
              <div
                className="flex flex-row gap-5"
              >
                <input
                  className="w-full p-2 border border-black border-opacity-100 border-2 rounded font-inter"
                  onChange={[Function]}
                  placeholder="Item Name"
                  type="text"
                  value=""
                />
                <select
                  className="p-2 text-gray-500 border border-black border-opacity-100 border-2 rounded font-inter"
                  onChange={[Function]}
                  value=""
                >
                  <option
                    value=""
                  >
                    Category
                  </option>
                  <option
                    value="fashion"
                  >
                    Fashion
                  </option>
                  <option
                    value="electronics"
                  >
                    Electronics
                  </option>
                  <option
                    value="living"
                  >
                    Living
                  </option>
                  <option
                    value="books"
                  >
                    Books
                  </option>
                  <option
                    value="furniture"
                  >
                    Furniture
                  </option>
                  <option
                    value="miscellaneous"
                  >
                    Miscellaneous
                  </option>
                </select>
              </div>
            </div>
            <textarea
              className="w-full p-2 border border-black border-opacity-100 border-2 rounded mb-5 h-full font-inter"
              onChange={[Function]}
              placeholder="Item Description"
              value=""
            />
          </div>
          <div
            className="flex mb-5 rounded-md border border-blue-900 border-opacity-100 border-4 p-5"
          >
            <div
              className="flex flex-col gap-5 mb-5 text-gray-500"
            >
              <input
                className="p-2 text-gray-500 border border-blue-900 border-opacity-100 border-2 rounded font-inter"
                onChange={[Function]}
                placeholder="Item Price"
                type="text"
                value=""
              />
              <select
                className="p-2 text-gray-500 border border-blue-900 border-opacity-100 border-2 rounded font-inter"
                onChange={[Function]}
                value=""
              >
                <option
                  value=""
                >
                  Preferred Payment Method
                </option>
                <option
                  value="venmo"
                >
                  Venmo
                </option>
                <option
                  value="zelle"
                >
                  Zelle
                </option>
                <option
                  value="cash"
                >
                  Cash
                </option>
                <option
                  value="credit card"
                >
                  Credit Card
                </option>
                <option
                  value="no preference"
                >
                  No Preference
                </option>
              </select>
              <select
                className="p-2 text-gray-500 border border-blue-900 border-opacity-100 border-2 rounded font-inter"
                onChange={[Function]}
                value=""
              >
                <option
                  value=""
                >
                  Delivery Method
                </option>
                <option
                  value="meetup"
                >
                  Meetup
                </option>
                <option
                  value="shipping"
                >
                  Shipping
                </option>
                <option
                  value="no preference"
                >
                  No Preference
                </option>
              </select>
              <div
                className="flex justify-center"
              >
                <button
                  className="text-blue-900 border border-blue-900 border-2 px-6 py-2 rounded font-interextra"
                  type="submit"
                >
                  Complete Listing
                </button>
              </div>
            </div>
          </div>
        </div>
      </form>
    </div>
    <div
      className="flex flex-col self-stretch px-20 pb-20 mt-10 w-full bg-white max-md:px-5 max-md:mt-10 max-md:max-w-full"
    >
      <div
        className="shrink-0 h-px border border-solid bg-neutral-200 border-neutral-200 max-md:max-w-full"
      />
      <div
        className="flex gap-5 justify-between mt-12 w-full max-md:flex-wrap max-md:mt-10 max-md:max-w-full"
      >
        <div
          className="self-start text-xl font-interextra leading-8 text-black"
        >
          PennMart
        </div>
        <div
          className="flex gap-2"
        >
          <img
            alt="Facebook"
            className="shrink-0 w-10 aspect-square"
            loading="lazy"
            src="https://cdn.builder.io/api/v1/image/assets/TEMP/d7eb87e928dad6dfff7398015c472d3e6d7382b528ad963d8da724cca54c0845?apiKey=2bd6a5e8dbb049c2afae4d4eb0812ac6&"
          />
          <img
            alt="Linkedin"
            className="shrink-0 w-10 aspect-square"
            loading="lazy"
            src="https://cdn.builder.io/api/v1/image/assets/TEMP/b1bac3668b19309ab1c82835d154f9962b24bad9c262723d53374e3173c3e762?apiKey=2bd6a5e8dbb049c2afae4d4eb0812ac6&"
          />
          <img
            alt="Youtube"
            className="shrink-0 w-10 aspect-square"
            loading="lazy"
            src="https://cdn.builder.io/api/v1/image/assets/TEMP/c9c8d64becb556072cf4288b2dadd32d18a3ce8e19d5cc15f298f66d1125313b?apiKey=2bd6a5e8dbb049c2afae4d4eb0812ac6&"
          />
          <img
            alt="Instagram"
            className="shrink-0 w-10 aspect-square"
            loading="lazy"
            src="https://cdn.builder.io/api/v1/image/assets/TEMP/0828515f09127d365461d17e1036e88788811bd5c0258116139d171a870fbe56?apiKey=2bd6a5e8dbb049c2afae4d4eb0812ac6&"
          />
        </div>
      </div>
    </div>
  </div>
</div>
`;
